<html>
<body>
<pre>
<h1>µVision Build Log</h1>
<h2>Project:</h2>
C:\Users\kmie\Desktop\gittest\3serwo.uvproj
Project File Date:  06/02/2021

<h2>Output:</h2>
Rebuild target 'Target 1'
assembling Startup.s...
compiling keyboard.c...
compiling led.c...
compiling main.c...
compiling timer_interrupts.c...
linking...
Program Size: Code=2444 RO-data=32 RW-data=8 ZI-data=1272  
FromELF: creating hex file...
".\3serwo.axf" - 0 Errors, 0 Warning(s).
Clean started: Project: '3serwo'
   deleting intermediate output files for target 'Target 1'
